2026-10-02 11:49:40 [info     ] role_check                     granted=True required=['SystemAdmin'] user=4e3cb7f5ea5f46bd912eea8dbc676be1-owner@example.test user_groups=['Sales', 'SystemAdmin', 'officeapp-e2e']
2026-10-02 11:49:40 [info     ] role_check                     granted=True required=['HR', 'SystemAdmin'] user=4e3cb7f5ea5f46bd912eea8dbc676be1-owner@example.test user_groups=['Sales', 'SystemAdmin', 'officeapp-e2e']
2026-10-02 11:49:41 [info     ] role_check                     granted=True required=['CEO', 'Delivery', 'Finance', 'HR', 'Sales', 'SalesLeader', 'SystemAdmin'] user=4e3cb7f5ea5f46bd912eea8dbc676be1-owner@example.test user_groups=['Sales', 'SystemAdmin', 'officeapp-e2e']
2026-10-02 11:49:41 [info     ] role_check                     granted=True required=['HR', 'SystemAdmin'] user=4e3cb7f5ea5f46bd912eea8dbc676be1-owner@example.test user_groups=['Sales', 'SystemAdmin', 'officeapp-e2e']
2026-10-02 11:49:41 [info     ] role_check                     granted=True required=['SystemAdmin'] user=4e3cb7f5ea5f46bd912eea8dbc676be1-owner@example.test user_groups=['Sales', 'SystemAdmin', 'officeapp-e2e']
{"run": "4e3cb7f5ea5f46bd912eea8dbc676be1", "tenant": "s21-connected-d75f2b129e6a4290afce91933b1f00a8", "fixture": {"run_id": "000e1cf7-9df6-4778-99b4-17497cf9ba37", "client_id": "26774a20-9f47-41f8-ab0a-5c124724fea2", "opportunity_id": "9df2917f-0a6a-4991-8ee0-d82eaf3ff305", "expires_at": "2026-10-02T22:49:41.330816+00:00"}, "rule_version": "c99ea615-f147-4e19-a671-384675ee177f", "lead_time_version": "46f06c0b-af06-4d56-9482-7c70b94e0515"}
2026-10-02 11:49:42 [info     ] role_check                     granted=True required=['Sales', 'SalesLeader', 'Delivery', 'HR', 'Finance', 'Legal', 'CEO', 'SystemAdmin'] user=4e3cb7f5ea5f46bd912eea8dbc676be1-owner@example.test user_groups=['Sales', 'SystemAdmin', 'officeapp-e2e']
2026-10-02 11:49:57 [info     ] role_check                     granted=True required=['Marketing', 'Sales', 'SalesLeader', 'Presales', 'Delivery', 'HR', 'Finance', 'Legal', 'CEO', 'SystemAdmin'] user=4e3cb7f5ea5f46bd912eea8dbc676be1-owner@example.test user_groups=['Sales', 'SystemAdmin', 'officeapp-e2e']
2026-10-02 11:49:59 [info     ] role_check                     granted=True required=['Delivery', 'Presales', 'Finance', 'SystemAdmin'] user=4e3cb7f5ea5f46bd912eea8dbc676be1-owner@example.test user_groups=['Sales', 'SystemAdmin', 'officeapp-e2e']
2026-10-02 11:49:59 [info     ] role_check                     granted=True required=['Delivery', 'SystemAdmin'] user=4e3cb7f5ea5f46bd912eea8dbc676be1-owner@example.test user_groups=['Sales', 'SystemAdmin', 'officeapp-e2e']
2026-10-02 11:50:10 [info     ] role_check                     granted=True required=['Sales', 'SalesLeader', 'Presales', 'Delivery', 'HR', 'Finance', 'Legal', 'CEO', 'SystemAdmin'] user=4e3cb7f5ea5f46bd912eea8dbc676be1-owner@example.test user_groups=['Sales', 'SystemAdmin', 'officeapp-e2e']
2026-10-02 11:50:10 [info     ] role_check                     granted=True required=['HR', 'SystemAdmin'] user=4e3cb7f5ea5f46bd912eea8dbc676be1-hr@example.test user_groups=['HR', 'officeapp-e2e']
{"worker": "sourcing_automation", "handled": 2}
2026-10-02 11:50:15 [info     ] role_check                     granted=True required=['SystemAdmin'] user=4e3cb7f5ea5f46bd912eea8dbc676be1-owner@example.test user_groups=['Sales', 'SystemAdmin', 'officeapp-e2e']
2026-10-02 11:50:15 [info     ] role_check                     granted=True required=['CEO', 'Delivery', 'Finance', 'HR', 'Sales', 'SalesLeader', 'SystemAdmin'] user=4e3cb7f5ea5f46bd912eea8dbc676be1-owner@example.test user_groups=['Sales', 'SystemAdmin', 'officeapp-e2e']
2026-10-02 11:50:15 [info     ] role_check                     granted=True required=['HR', 'SystemAdmin'] user=4e3cb7f5ea5f46bd912eea8dbc676be1-owner@example.test user_groups=['Sales', 'SystemAdmin', 'officeapp-e2e']
2026-10-02 11:50:15 [info     ] role_check                     granted=True required=['Delivery', 'SystemAdmin'] user=4e3cb7f5ea5f46bd912eea8dbc676be1-delivery@example.test user_groups=['Delivery', 'officeapp-e2e']
{"worker": "sourcing_automation", "handled": 1}
2026-10-02 11:50:19 [info     ] role_check                     granted=True required=['SystemAdmin'] user=4e3cb7f5ea5f46bd912eea8dbc676be1-owner@example.test user_groups=['Sales', 'SystemAdmin', 'officeapp-e2e']
2026-10-02 11:50:19 [info     ] role_check                     granted=True required=['HR', 'SystemAdmin'] user=4e3cb7f5ea5f46bd912eea8dbc676be1-owner@example.test user_groups=['Sales', 'SystemAdmin', 'officeapp-e2e']
{"worker": "sourcing_automation", "handled": 0}
2026-10-02 11:50:23 [info     ] role_check                     granted=True required=['HR', 'SystemAdmin'] user=4e3cb7f5ea5f46bd912eea8dbc676be1-owner@example.test user_groups=['Sales', 'SystemAdmin', 'officeapp-e2e']
{"status": "connected_local_journey_passed", "project_id": "4dfcff0c-2f9d-41e6-932c-bf07ed6bb698", "deal": "9df2917f-0a6a-4991-8ee0-d82eaf3ff305", "sow_version": "d6045024-6280-4206-985e-354c2eba3ca7", "gm": "b7aefb20-151d-4b02-a1e7-0a59208d251a", "package": "6f5483d0-89bc-446b-814a-aa33d7c0dee0", "publication": {"publication_id": "d7dcf0f4-b8fb-472a-835b-4f5e58b75d89", "version_id": "27b7d89b-309a-4a82-9ae1-b7ce672bb6f2", "revision": 2, "source_version_id": "b7aefb20-151d-4b02-a1e7-0a59208d251a", "missing": [], "is_reservation": false}, "draft": "729ee93c-c2e0-471d-9ce7-a3494c1397e6", "headcount": 7, "actual_bases": {"recognized_revenue": "11000.99", "billed": "15000", "cash_collected": "8000", "delivery_cost": "6000"}, "full_journey_passed": true, "staging_verified": false}
{"storage_deleted": "sow/9df2917f-0a6a-4991-8ee0-d82eaf3ff305/20261002T185002Z-af8be5a6-executed.docx.docx"}
{"storage_deleted": "verification/s21/24eea0ab37ef4e3588497fec9133a8bb/sow/897ac460-1bf5-4ecd-b3a1-90c4b3e716bf/20261002T184942Z-39591f90-connected-4e3cb7f5ea5f46bd912eea8dbc676be1.docx.docx"}
