Traceback (most recent call last):
  File "/Users/srikanthparimi/OfficeApp/dealgate-s21-forecast/api/.venv/lib/python3.14/site-packages/sqlalchemy/engine/base.py", line 1943, in _exec_single_context
    self.dialect.do_execute(
    ~~~~~~~~~~~~~~~~~~~~~~~^
        cursor, str_statement, effective_parameters, context
        ^^^^^^^^^^^^^^^^^^^^^^^^^^^^^^^^^^^^^^^^^^^^^^^^^^^^
    )
    ^
  File "/Users/srikanthparimi/OfficeApp/dealgate-s21-forecast/api/.venv/lib/python3.14/site-packages/sqlalchemy/engine/default.py", line 1180, in do_execute
    cursor.execute(statement, parameters)
    ~~~~~~~~~~~~~~^^^^^^^^^^^^^^^^^^^^^^^
  File "/Users/srikanthparimi/OfficeApp/dealgate-s21-forecast/api/.venv/lib/python3.14/site-packages/sqlalchemy/connectors/asyncio.py", line 258, in execute
    self._adapt_connection._handle_exception(error)
    ~~~~~~~~~~~~~~~~~~~~~~~~~~~~~~~~~~~~~~~~^^^^^^^
  File "/Users/srikanthparimi/OfficeApp/dealgate-s21-forecast/api/.venv/lib/python3.14/site-packages/sqlalchemy/connectors/asyncio.py", line 412, in _handle_exception
    self._handle_exception_no_connection(self.dbapi, error)
    ~~~~~~~~~~~~~~~~~~~~~~~~~~~~~~~~~~~~^^^^^^^^^^^^^^^^^^^
  File "/Users/srikanthparimi/OfficeApp/dealgate-s21-forecast/api/.venv/lib/python3.14/site-packages/sqlalchemy/connectors/asyncio.py", line 409, in _handle_exception_no_connection
    raise error.with_traceback(exc_info[2])
  File "/Users/srikanthparimi/OfficeApp/dealgate-s21-forecast/api/.venv/lib/python3.14/site-packages/sqlalchemy/connectors/asyncio.py", line 256, in execute
    return await_(self._execute_async(operation, parameters))
  File "/Users/srikanthparimi/OfficeApp/dealgate-s21-forecast/api/.venv/lib/python3.14/site-packages/sqlalchemy/util/concurrency.py", line 167, in await_
    return current.parent.switch(awaitable)  # type: ignore[no-any-return]
           ~~~~~~~~~~~~~~~~~~~~~^^^^^^^^^^^
  File "/Users/srikanthparimi/OfficeApp/dealgate-s21-forecast/api/.venv/lib/python3.14/site-packages/sqlalchemy/util/concurrency.py", line 205, in greenlet_spawn
    value = await result
            ^^^^^^^^^^^^
  File "/Users/srikanthparimi/OfficeApp/dealgate-s21-forecast/api/.venv/lib/python3.14/site-packages/sqlalchemy/dialects/postgresql/psycopg.py", line 630, in _execute_async
    result = await self._cursor.execute(operation, parameters)
             ^^^^^^^^^^^^^^^^^^^^^^^^^^^^^^^^^^^^^^^^^^^^^^^^^
  File "/Users/srikanthparimi/OfficeApp/dealgate-s21-forecast/api/.venv/lib/python3.14/site-packages/psycopg/cursor_async.py", line 117, in execute
    raise ex.with_traceback(None)
psycopg.errors.CheckViolation: new row for relation "opportunity" violates check constraint "ck_opportunity_ck_opportunity_source"
DETAIL:  Failing row contains (16fe8b12-b275-4a47-a317-4b1a31f56353, null, 3928d86a-94bd-4930-af23-20048bed8d22, null, null, Released, null, null, 2026-10-02 04:53:21.885817+00, 2026-10-02 04:53:21.885817+00, 7cf1d7d0-051b-42e4-a51d-8845d853e75f, test, null, null, null, null, null, null, null, null, null, null, f, f, null, null, null, null, null, null, null).

The above exception was the direct cause of the following exception:

Traceback (most recent call last):
  File "/Users/srikanthparimi/OfficeApp/dealgate-s21-forecast/scripts/s21_deletion_journey.py", line 126, in <module>
    asyncio.run(main())
    ~~~~~~~~~~~^^^^^^^^
  File "/usr/local/Cellar/python@3.14/3.14.5/Frameworks/Python.framework/Versions/3.14/lib/python3.14/asyncio/runners.py", line 204, in run
    return runner.run(main)
           ~~~~~~~~~~^^^^^^
  File "/usr/local/Cellar/python@3.14/3.14.5/Frameworks/Python.framework/Versions/3.14/lib/python3.14/asyncio/runners.py", line 127, in run
    return self._loop.run_until_complete(task)
           ~~~~~~~~~~~~~~~~~~~~~~~~~~~~~^^^^^^
  File "/usr/local/Cellar/python@3.14/3.14.5/Frameworks/Python.framework/Versions/3.14/lib/python3.14/asyncio/base_events.py", line 719, in run_until_complete
    return future.result()
           ~~~~~~~~~~~~~^^
  File "/Users/srikanthparimi/OfficeApp/dealgate-s21-forecast/scripts/s21_deletion_journey.py", line 55, in main
    await session.flush()
  File "/Users/srikanthparimi/OfficeApp/dealgate-s21-forecast/api/.venv/lib/python3.14/site-packages/sqlalchemy/ext/asyncio/session.py", line 1030, in flush
    await greenlet_spawn(self.sync_session.flush, objects=objects)
  File "/Users/srikanthparimi/OfficeApp/dealgate-s21-forecast/api/.venv/lib/python3.14/site-packages/sqlalchemy/util/concurrency.py", line 212, in greenlet_spawn
    result = context.switch(value)
  File "/Users/srikanthparimi/OfficeApp/dealgate-s21-forecast/api/.venv/lib/python3.14/site-packages/sqlalchemy/orm/session.py", line 4536, in flush
    self._flush(objects)
    ~~~~~~~~~~~^^^^^^^^^
  File "<sqlalchemy generated warned() wrapper for sqlalchemy.orm.session.Session._flush>", line 2, in _flush
    return target(fn, self, objects=objects)
  File "/Users/srikanthparimi/OfficeApp/dealgate-s21-forecast/api/.venv/lib/python3.14/site-packages/sqlalchemy/util/deprecations.py", line 281, in warned
    return fn(*args, **kwargs)  # type: ignore[no-any-return]
  File "/Users/srikanthparimi/OfficeApp/dealgate-s21-forecast/api/.venv/lib/python3.14/site-packages/sqlalchemy/orm/session.py", line 4679, in _flush
    with util.safe_reraise():
         ~~~~~~~~~~~~~~~~~^^
  File "/Users/srikanthparimi/OfficeApp/dealgate-s21-forecast/api/.venv/lib/python3.14/site-packages/sqlalchemy/util/langhelpers.py", line 166, in __exit__
    raise exc_value.with_traceback(exc_tb)
  File "/Users/srikanthparimi/OfficeApp/dealgate-s21-forecast/api/.venv/lib/python3.14/site-packages/sqlalchemy/orm/session.py", line 4640, in _flush
    flush_context.execute()
    ~~~~~~~~~~~~~~~~~~~~~^^
  File "/Users/srikanthparimi/OfficeApp/dealgate-s21-forecast/api/.venv/lib/python3.14/site-packages/sqlalchemy/orm/unitofwork.py", line 467, in execute
    rec.execute(self)
    ~~~~~~~~~~~^^^^^^
  File "/Users/srikanthparimi/OfficeApp/dealgate-s21-forecast/api/.venv/lib/python3.14/site-packages/sqlalchemy/orm/unitofwork.py", line 643, in execute
    util.preloaded.orm_persistence._save_obj(
    ~~~~~~~~~~~~~~~~~~~~~~~~~~~~~~~~~~~~~~~~^
        self.mapper,
        ^^^^^^^^^^^^
        uow.states_for_mapper_hierarchy(self.mapper, False, False),
        ^^^^^^^^^^^^^^^^^^^^^^^^^^^^^^^^^^^^^^^^^^^^^^^^^^^^^^^^^^^
        uow,
        ^^^^
    )
    ^
  File "/Users/srikanthparimi/OfficeApp/dealgate-s21-forecast/api/.venv/lib/python3.14/site-packages/sqlalchemy/orm/persistence.py", line 92, in _save_obj
    _emit_insert_statements(
    ~~~~~~~~~~~~~~~~~~~~~~~^
        base_mapper,
        ^^^^^^^^^^^^
    ...<3 lines>...
        insert,
        ^^^^^^^
    )
    ^
  File "/Users/srikanthparimi/OfficeApp/dealgate-s21-forecast/api/.venv/lib/python3.14/site-packages/sqlalchemy/orm/persistence.py", line 1237, in _emit_insert_statements
    result = connection.execute(
        statement,
        params,
        execution_options=execution_options,
    )
  File "/Users/srikanthparimi/OfficeApp/dealgate-s21-forecast/api/.venv/lib/python3.14/site-packages/sqlalchemy/engine/base.py", line 1448, in execute
    return meth(
        self,
        distilled_parameters,
        execution_options or NO_OPTIONS,
    )
  File "/Users/srikanthparimi/OfficeApp/dealgate-s21-forecast/api/.venv/lib/python3.14/site-packages/sqlalchemy/sql/elements.py", line 533, in _execute_on_connection
    return connection._execute_clauseelement(
           ~~~~~~~~~~~~~~~~~~~~~~~~~~~~~~~~~^
        self, distilled_params, execution_options
        ^^^^^^^^^^^^^^^^^^^^^^^^^^^^^^^^^^^^^^^^^
    )
    ^
  File "/Users/srikanthparimi/OfficeApp/dealgate-s21-forecast/api/.venv/lib/python3.14/site-packages/sqlalchemy/engine/base.py", line 1668, in _execute_clauseelement
    ret = self._execute_context(
        dialect,
    ...<9 lines>...
        param_dict=param_dict,
    )
  File "/Users/srikanthparimi/OfficeApp/dealgate-s21-forecast/api/.venv/lib/python3.14/site-packages/sqlalchemy/engine/base.py", line 1822, in _execute_context
    return self._exec_single_context(
           ~~~~~~~~~~~~~~~~~~~~~~~~~^
        dialect, context, statement, parameters
        ^^^^^^^^^^^^^^^^^^^^^^^^^^^^^^^^^^^^^^^
    )
    ^
  File "/Users/srikanthparimi/OfficeApp/dealgate-s21-forecast/api/.venv/lib/python3.14/site-packages/sqlalchemy/engine/base.py", line 1962, in _exec_single_context
    self._handle_dbapi_exception(
    ~~~~~~~~~~~~~~~~~~~~~~~~~~~~^
        e, str_statement, effective_parameters, cursor, context
        ^^^^^^^^^^^^^^^^^^^^^^^^^^^^^^^^^^^^^^^^^^^^^^^^^^^^^^^
    )
    ^
  File "/Users/srikanthparimi/OfficeApp/dealgate-s21-forecast/api/.venv/lib/python3.14/site-packages/sqlalchemy/engine/base.py", line 2332, in _handle_dbapi_exception
    raise sqlalchemy_exception.with_traceback(exc_info[2]) from e
  File "/Users/srikanthparimi/OfficeApp/dealgate-s21-forecast/api/.venv/lib/python3.14/site-packages/sqlalchemy/engine/base.py", line 1943, in _exec_single_context
    self.dialect.do_execute(
    ~~~~~~~~~~~~~~~~~~~~~~~^
        cursor, str_statement, effective_parameters, context
        ^^^^^^^^^^^^^^^^^^^^^^^^^^^^^^^^^^^^^^^^^^^^^^^^^^^^
    )
    ^
  File "/Users/srikanthparimi/OfficeApp/dealgate-s21-forecast/api/.venv/lib/python3.14/site-packages/sqlalchemy/engine/default.py", line 1180, in do_execute
    cursor.execute(statement, parameters)
    ~~~~~~~~~~~~~~^^^^^^^^^^^^^^^^^^^^^^^
  File "/Users/srikanthparimi/OfficeApp/dealgate-s21-forecast/api/.venv/lib/python3.14/site-packages/sqlalchemy/connectors/asyncio.py", line 258, in execute
    self._adapt_connection._handle_exception(error)
    ~~~~~~~~~~~~~~~~~~~~~~~~~~~~~~~~~~~~~~~~^^^^^^^
  File "/Users/srikanthparimi/OfficeApp/dealgate-s21-forecast/api/.venv/lib/python3.14/site-packages/sqlalchemy/connectors/asyncio.py", line 412, in _handle_exception
    self._handle_exception_no_connection(self.dbapi, error)
    ~~~~~~~~~~~~~~~~~~~~~~~~~~~~~~~~~~~~^^^^^^^^^^^^^^^^^^^
  File "/Users/srikanthparimi/OfficeApp/dealgate-s21-forecast/api/.venv/lib/python3.14/site-packages/sqlalchemy/connectors/asyncio.py", line 409, in _handle_exception_no_connection
    raise error.with_traceback(exc_info[2])
  File "/Users/srikanthparimi/OfficeApp/dealgate-s21-forecast/api/.venv/lib/python3.14/site-packages/sqlalchemy/connectors/asyncio.py", line 256, in execute
    return await_(self._execute_async(operation, parameters))
  File "/Users/srikanthparimi/OfficeApp/dealgate-s21-forecast/api/.venv/lib/python3.14/site-packages/sqlalchemy/util/concurrency.py", line 167, in await_
    return current.parent.switch(awaitable)  # type: ignore[no-any-return]
           ~~~~~~~~~~~~~~~~~~~~~^^^^^^^^^^^
  File "/Users/srikanthparimi/OfficeApp/dealgate-s21-forecast/api/.venv/lib/python3.14/site-packages/sqlalchemy/util/concurrency.py", line 205, in greenlet_spawn
    value = await result
            ^^^^^^^^^^^^
  File "/Users/srikanthparimi/OfficeApp/dealgate-s21-forecast/api/.venv/lib/python3.14/site-packages/sqlalchemy/dialects/postgresql/psycopg.py", line 630, in _execute_async
    result = await self._cursor.execute(operation, parameters)
             ^^^^^^^^^^^^^^^^^^^^^^^^^^^^^^^^^^^^^^^^^^^^^^^^^
  File "/Users/srikanthparimi/OfficeApp/dealgate-s21-forecast/api/.venv/lib/python3.14/site-packages/psycopg/cursor_async.py", line 117, in execute
    raise ex.with_traceback(None)
sqlalchemy.exc.IntegrityError: (psycopg.errors.CheckViolation) new row for relation "opportunity" violates check constraint "ck_opportunity_ck_opportunity_source"
DETAIL:  Failing row contains (16fe8b12-b275-4a47-a317-4b1a31f56353, null, 3928d86a-94bd-4930-af23-20048bed8d22, null, null, Released, null, null, 2026-10-02 04:53:21.885817+00, 2026-10-02 04:53:21.885817+00, 7cf1d7d0-051b-42e4-a51d-8845d853e75f, test, null, null, null, null, null, null, null, null, null, null, f, f, null, null, null, null, null, null, null).
[SQL: INSERT INTO opportunity (id, hubspot_deal_id, source, owner_id, client_id, engagement_type, sales_stage, governance_status, next_client_action, next_client_date, archived_at, archived_by, archived_reason, amount, close_date, stage_label, name, hubspot_last_seen_at, hubspot_pipeline_id, hubspot_stage_id, stage_order, is_closed_won, is_closed_lost, currency, hubspot_created_at, hubspot_last_activity_at, hubspot_last_modified_at, primary_client_id) VALUES (%(id)s::UUID, %(hubspot_deal_id)s::VARCHAR, %(source)s::VARCHAR, %(owner_id)s::UUID, %(client_id)s::UUID, %(engagement_type)s::VARCHAR, %(sales_stage)s::VARCHAR, %(governance_status)s::VARCHAR, %(next_client_action)s::VARCHAR, %(next_client_date)s::DATE, %(archived_at)s::TIMESTAMP WITH TIME ZONE, %(archived_by)s::UUID, %(archived_reason)s::VARCHAR, %(amount)s, %(close_date)s::DATE, %(stage_label)s::VARCHAR, %(name)s::VARCHAR, %(hubspot_last_seen_at)s::TIMESTAMP WITH TIME ZONE, %(hubspot_pipeline_id)s::VARCHAR, %(hubspot_stage_id)s::VARCHAR, %(stage_order)s::INTEGER, %(is_closed_won)s, %(is_closed_lost)s, %(currency)s::VARCHAR, %(hubspot_created_at)s::TIMESTAMP WITH TIME ZONE, %(hubspot_last_activity_at)s::TIMESTAMP WITH TIME ZONE, %(hubspot_last_modified_at)s::TIMESTAMP WITH TIME ZONE, %(primary_client_id)s::UUID) RETURNING opportunity.created_at, opportunity.updated_at]
[parameters: {'id': UUID('16fe8b12-b275-4a47-a317-4b1a31f56353'), 'hubspot_deal_id': None, 'source': 'test', 'owner_id': UUID('3928d86a-94bd-4930-af23-20048bed8d22'), 'client_id': UUID('7cf1d7d0-051b-42e4-a51d-8845d853e75f'), 'engagement_type': None, 'sales_stage': None, 'governance_status': 'Released', 'next_client_action': None, 'next_client_date': None, 'archived_at': None, 'archived_by': None, 'archived_reason': None, 'amount': None, 'close_date': None, 'stage_label': None, 'name': None, 'hubspot_last_seen_at': None, 'hubspot_pipeline_id': None, 'hubspot_stage_id': None, 'stage_order': None, 'is_closed_won': False, 'is_closed_lost': False, 'currency': None, 'hubspot_created_at': None, 'hubspot_last_activity_at': None, 'hubspot_last_modified_at': None, 'primary_client_id': None}]
(Background on this error at: https://sqlalche.me/e/21/gkpj)
