
 RUN  v2.1.9 /Users/srikanthparimi/OfficeApp/dealgate-s21-forecast/web


⎯⎯⎯⎯⎯⎯ Unhandled Errors ⎯⎯⎯⎯⎯⎯

Vitest caught 1 unhandled error during the test run.
This might cause false positive tests. Resolve unhandled errors to make sure your tests are not affected.

⎯⎯⎯⎯⎯⎯ Unhandled Error ⎯⎯⎯⎯⎯⎯⎯
RangeError: options.minThreads and options.maxThreads must not conflict
 ❯ new Tinypool node_modules/tinypool/dist/index.js:745:120
 ❯ createForksPool node_modules/vitest/dist/chunks/resolveConfig.rBxzbVsl.js:6756:16
 ❯ forks node_modules/vitest/dist/chunks/resolveConfig.rBxzbVsl.js:7664:20
 ❯ node_modules/vitest/dist/chunks/resolveConfig.rBxzbVsl.js:7690:27
 ❯ executeTests node_modules/vitest/dist/chunks/resolveConfig.rBxzbVsl.js:7681:5
 ❯ node_modules/vitest/dist/chunks/cli-api.DqsSTaIi.js:10818:9
 ❯ Vitest.runFiles node_modules/vitest/dist/chunks/cli-api.DqsSTaIi.js:10840:12
 ❯ Vitest.start node_modules/vitest/dist/chunks/cli-api.DqsSTaIi.js:10682:7
 ❯ startVitest node_modules/vitest/dist/chunks/cli-api.DqsSTaIi.js:11848:7

⎯⎯⎯⎯⎯⎯⎯⎯⎯⎯⎯⎯⎯⎯⎯⎯⎯⎯⎯⎯⎯⎯⎯⎯⎯⎯⎯⎯⎯⎯

 Test Files  no tests
      Tests  no tests
     Errors  1 error
   Start at  23:49:32
   Duration  48ms (transform 0ms, setup 0ms, collect 0ms, tests 0ms, environment 0ms, prepare 0ms)

