FFFFFFF                                                                  [100%]
=================================== FAILURES ===================================
________________ test_legacy_rows_keep_owner_and_bu_unobserved _________________

session = <sqlalchemy.ext.asyncio.session.AsyncSession object at 0x1124d6ba0>

    @pytest.mark.asyncio
    async def test_legacy_rows_keep_owner_and_bu_unobserved(session):
        account = Client(name="Synthetic source observation")
        deal = Opportunity(source="manual", governance_status="Intake")
        session.add_all([account, deal])
        await session.commit()
        for row in (account, deal):
>           assert row.hubspot_owner_id is None
                   ^^^^^^^^^^^^^^^^^^^^
E           AttributeError: 'Client' object has no attribute 'hubspot_owner_id'. Did you mean: 'hubspot_company_id'?

api/tests/test_s21_source_observations.py:20: AttributeError
____________ test_observed_empty_owner_is_distinct_from_unobserved _____________

session = <sqlalchemy.ext.asyncio.session.AsyncSession object at 0x112879a90>

    @pytest.mark.asyncio
    async def test_observed_empty_owner_is_distinct_from_unobserved(session):
        observed = datetime.now(UTC)
>       account = Client(name="Synthetic explicit empty owner", hubspot_owner_observed_at=observed)
                  ^^^^^^^^^^^^^^^^^^^^^^^^^^^^^^^^^^^^^^^^^^^^^^^^^^^^^^^^^^^^^^^^^^^^^^^^^^^^^^^^^

api/tests/test_s21_source_observations.py:31: 
_ _ _ _ _ _ _ _ _ _ _ _ _ _ _ _ _ _ _ _ _ _ _ _ _ _ _ _ _ _ _ _ _ _ _ _ _ _ _ _ 
<sqlalchemy generated __init__ for class app.models.client.Client>:4: in __init__
    return new_state._initialize_instance(self, **kwargs)
           ^^^^^^^^^^^^^^^^^^^^^^^^^^^^^^^^^^^^^^^^^^^^^^
api/.venv/lib/python3.14/site-packages/sqlalchemy/orm/state.py:597: in _initialize_instance
    with util.safe_reraise():
         ^^^^^^^^^^^^^^^^^^^
api/.venv/lib/python3.14/site-packages/sqlalchemy/util/langhelpers.py:166: in __exit__
    raise exc_value.with_traceback(exc_tb)
api/.venv/lib/python3.14/site-packages/sqlalchemy/orm/state.py:595: in _initialize_instance
    manager.original_init(*mixed[1:], **kwargs)
_ _ _ _ _ _ _ _ _ _ _ _ _ _ _ _ _ _ _ _ _ _ _ _ _ _ _ _ _ _ _ _ _ _ _ _ _ _ _ _ 

self = <app.models.client.Client object at 0x11252a0d0>
kwargs = {'name': 'Synthetic explicit empty owner', 'hubspot_owner_observed_at': datetime.datetime(2026, 10, 2, 6, 49, 13, 481914, tzinfo=datetime.timezone.utc)}

    def _declarative_constructor(self: Any, **kwargs: Any) -> None:
        """A simple constructor that allows initialization from kwargs.
    
        Sets attributes on the constructed instance using the names and
        values in ``kwargs``.
    
        Only keys that are present as
        attributes of the instance's class are allowed. These could be,
        for example, any mapped columns or relationships.
        """
        cls_ = type(self)
        for k in kwargs:
            if not hasattr(cls_, k):
>               raise TypeError(
                    "%r is an invalid keyword argument for %s" % (k, cls_.__name__)
                )
E               TypeError: 'hubspot_owner_observed_at' is an invalid keyword argument for Client

api/.venv/lib/python3.14/site-packages/sqlalchemy/orm/decl_base.py:2287: TypeError
_____ test_mapping_can_record_unavailable_without_dummy_property_identity ______

session = <sqlalchemy.ext.asyncio.session.AsyncSession object at 0x11287b750>

    @pytest.mark.asyncio
    async def test_mapping_can_record_unavailable_without_dummy_property_identity(session):
>       mapping = HubspotPropertyMapping(key="business_unit", availability_state="unavailable",
            availability_reason="Forbidden metadata read", checked_at=datetime.now(UTC),
            evidence={"object_type": "deals", "status": 403})

api/tests/test_s21_source_observations.py:45: 
_ _ _ _ _ _ _ _ _ _ _ _ _ _ _ _ _ _ _ _ _ _ _ _ _ _ _ _ _ _ _ _ _ _ _ _ _ _ _ _ 
<sqlalchemy generated __init__ for class app.services.hubspot_properties.HubspotPropertyMapping>:4: in __init__
    return new_state._initialize_instance(self, **kwargs)
           ^^^^^^^^^^^^^^^^^^^^^^^^^^^^^^^^^^^^^^^^^^^^^^
api/.venv/lib/python3.14/site-packages/sqlalchemy/orm/state.py:597: in _initialize_instance
    with util.safe_reraise():
         ^^^^^^^^^^^^^^^^^^^
api/.venv/lib/python3.14/site-packages/sqlalchemy/util/langhelpers.py:166: in __exit__
    raise exc_value.with_traceback(exc_tb)
api/.venv/lib/python3.14/site-packages/sqlalchemy/orm/state.py:595: in _initialize_instance
    manager.original_init(*mixed[1:], **kwargs)
_ _ _ _ _ _ _ _ _ _ _ _ _ _ _ _ _ _ _ _ _ _ _ _ _ _ _ _ _ _ _ _ _ _ _ _ _ _ _ _ 

self = <app.services.hubspot_properties.HubspotPropertyMapping object at 0x1124d78c0>
kwargs = {'key': 'business_unit', 'availability_state': 'unavailable', 'availability_reason': 'Forbidden metadata read', 'checked_at': datetime.datetime(2026, 10, 2, 6, 49, 13, 904886, tzinfo=datetime.timezone.utc), ...}

    def _declarative_constructor(self: Any, **kwargs: Any) -> None:
        """A simple constructor that allows initialization from kwargs.
    
        Sets attributes on the constructed instance using the names and
        values in ``kwargs``.
    
        Only keys that are present as
        attributes of the instance's class are allowed. These could be,
        for example, any mapped columns or relationships.
        """
        cls_ = type(self)
        for k in kwargs:
            if not hasattr(cls_, k):
>               raise TypeError(
                    "%r is an invalid keyword argument for %s" % (k, cls_.__name__)
                )
E               TypeError: 'availability_state' is an invalid keyword argument for HubspotPropertyMapping

api/.venv/lib/python3.14/site-packages/sqlalchemy/orm/decl_base.py:2287: TypeError
________ test_mapping_rejects_invalid_availability_or_revision[values0] ________

session = <sqlalchemy.ext.asyncio.session.AsyncSession object at 0x112a1d480>
values = {'mapping_version': 0}

    @pytest.mark.asyncio
    @pytest.mark.parametrize("values", [{"mapping_version": 0}, {"availability_state": "ready"}])
    async def test_mapping_rejects_invalid_availability_or_revision(session, values):
>       session.add(HubspotPropertyMapping(key=str(uuid.uuid4()), **values))
                    ^^^^^^^^^^^^^^^^^^^^^^^^^^^^^^^^^^^^^^^^^^^^^^^^^^^^^^^

api/tests/test_s21_source_observations.py:59: 
_ _ _ _ _ _ _ _ _ _ _ _ _ _ _ _ _ _ _ _ _ _ _ _ _ _ _ _ _ _ _ _ _ _ _ _ _ _ _ _ 
<sqlalchemy generated __init__ for class app.services.hubspot_properties.HubspotPropertyMapping>:4: in __init__
    return new_state._initialize_instance(self, **kwargs)
           ^^^^^^^^^^^^^^^^^^^^^^^^^^^^^^^^^^^^^^^^^^^^^^
api/.venv/lib/python3.14/site-packages/sqlalchemy/orm/state.py:597: in _initialize_instance
    with util.safe_reraise():
         ^^^^^^^^^^^^^^^^^^^
api/.venv/lib/python3.14/site-packages/sqlalchemy/util/langhelpers.py:166: in __exit__
    raise exc_value.with_traceback(exc_tb)
api/.venv/lib/python3.14/site-packages/sqlalchemy/orm/state.py:595: in _initialize_instance
    manager.original_init(*mixed[1:], **kwargs)
_ _ _ _ _ _ _ _ _ _ _ _ _ _ _ _ _ _ _ _ _ _ _ _ _ _ _ _ _ _ _ _ _ _ _ _ _ _ _ _ 

self = <app.services.hubspot_properties.HubspotPropertyMapping object at 0x11287b9d0>
kwargs = {'key': 'e8dc6f12-68d9-419c-bfd2-abfda3916250', 'mapping_version': 0}

    def _declarative_constructor(self: Any, **kwargs: Any) -> None:
        """A simple constructor that allows initialization from kwargs.
    
        Sets attributes on the constructed instance using the names and
        values in ``kwargs``.
    
        Only keys that are present as
        attributes of the instance's class are allowed. These could be,
        for example, any mapped columns or relationships.
        """
        cls_ = type(self)
        for k in kwargs:
            if not hasattr(cls_, k):
>               raise TypeError(
                    "%r is an invalid keyword argument for %s" % (k, cls_.__name__)
                )
E               TypeError: 'mapping_version' is an invalid keyword argument for HubspotPropertyMapping

api/.venv/lib/python3.14/site-packages/sqlalchemy/orm/decl_base.py:2287: TypeError
________ test_mapping_rejects_invalid_availability_or_revision[values1] ________

session = <sqlalchemy.ext.asyncio.session.AsyncSession object at 0x112a1d5b0>
values = {'availability_state': 'ready'}

    @pytest.mark.asyncio
    @pytest.mark.parametrize("values", [{"mapping_version": 0}, {"availability_state": "ready"}])
    async def test_mapping_rejects_invalid_availability_or_revision(session, values):
>       session.add(HubspotPropertyMapping(key=str(uuid.uuid4()), **values))
                    ^^^^^^^^^^^^^^^^^^^^^^^^^^^^^^^^^^^^^^^^^^^^^^^^^^^^^^^

api/tests/test_s21_source_observations.py:59: 
_ _ _ _ _ _ _ _ _ _ _ _ _ _ _ _ _ _ _ _ _ _ _ _ _ _ _ _ _ _ _ _ _ _ _ _ _ _ _ _ 
<sqlalchemy generated __init__ for class app.services.hubspot_properties.HubspotPropertyMapping>:4: in __init__
    return new_state._initialize_instance(self, **kwargs)
           ^^^^^^^^^^^^^^^^^^^^^^^^^^^^^^^^^^^^^^^^^^^^^^
api/.venv/lib/python3.14/site-packages/sqlalchemy/orm/state.py:597: in _initialize_instance
    with util.safe_reraise():
         ^^^^^^^^^^^^^^^^^^^
api/.venv/lib/python3.14/site-packages/sqlalchemy/util/langhelpers.py:166: in __exit__
    raise exc_value.with_traceback(exc_tb)
api/.venv/lib/python3.14/site-packages/sqlalchemy/orm/state.py:595: in _initialize_instance
    manager.original_init(*mixed[1:], **kwargs)
_ _ _ _ _ _ _ _ _ _ _ _ _ _ _ _ _ _ _ _ _ _ _ _ _ _ _ _ _ _ _ _ _ _ _ _ _ _ _ _ 

self = <app.services.hubspot_properties.HubspotPropertyMapping object at 0x11252a0d0>
kwargs = {'key': '69768a1d-40b4-474d-b078-1339ead8d533', 'availability_state': 'ready'}

    def _declarative_constructor(self: Any, **kwargs: Any) -> None:
        """A simple constructor that allows initialization from kwargs.
    
        Sets attributes on the constructed instance using the names and
        values in ``kwargs``.
    
        Only keys that are present as
        attributes of the instance's class are allowed. These could be,
        for example, any mapped columns or relationships.
        """
        cls_ = type(self)
        for k in kwargs:
            if not hasattr(cls_, k):
>               raise TypeError(
                    "%r is an invalid keyword argument for %s" % (k, cls_.__name__)
                )
E               TypeError: 'availability_state' is an invalid keyword argument for HubspotPropertyMapping

api/.venv/lib/python3.14/site-packages/sqlalchemy/orm/decl_base.py:2287: TypeError
____________ test_source_mapping_revision_must_be_positive[Client] _____________

session = <sqlalchemy.ext.asyncio.session.AsyncSession object at 0x1128bc050>
model = <class 'app.models.client.Client'>

    @pytest.mark.asyncio
    @pytest.mark.parametrize("model", [Client, Opportunity])
    async def test_source_mapping_revision_must_be_positive(session, model):
        values = {"name": "Synthetic invalid mapping"} if model is Client else {"source": "manual", "governance_status": "Intake"}
>       session.add(model(**values, business_unit_mapping_version=0))
                    ^^^^^^^^^^^^^^^^^^^^^^^^^^^^^^^^^^^^^^^^^^^^^^^^

api/tests/test_s21_source_observations.py:68: 
_ _ _ _ _ _ _ _ _ _ _ _ _ _ _ _ _ _ _ _ _ _ _ _ _ _ _ _ _ _ _ _ _ _ _ _ _ _ _ _ 
<sqlalchemy generated __init__ for class app.models.client.Client>:4: in __init__
    return new_state._initialize_instance(self, **kwargs)
           ^^^^^^^^^^^^^^^^^^^^^^^^^^^^^^^^^^^^^^^^^^^^^^
api/.venv/lib/python3.14/site-packages/sqlalchemy/orm/state.py:597: in _initialize_instance
    with util.safe_reraise():
         ^^^^^^^^^^^^^^^^^^^
api/.venv/lib/python3.14/site-packages/sqlalchemy/util/langhelpers.py:166: in __exit__
    raise exc_value.with_traceback(exc_tb)
api/.venv/lib/python3.14/site-packages/sqlalchemy/orm/state.py:595: in _initialize_instance
    manager.original_init(*mixed[1:], **kwargs)
_ _ _ _ _ _ _ _ _ _ _ _ _ _ _ _ _ _ _ _ _ _ _ _ _ _ _ _ _ _ _ _ _ _ _ _ _ _ _ _ 

self = <app.models.client.Client object at 0x11287a710>
kwargs = {'name': 'Synthetic invalid mapping', 'business_unit_mapping_version': 0}

    def _declarative_constructor(self: Any, **kwargs: Any) -> None:
        """A simple constructor that allows initialization from kwargs.
    
        Sets attributes on the constructed instance using the names and
        values in ``kwargs``.
    
        Only keys that are present as
        attributes of the instance's class are allowed. These could be,
        for example, any mapped columns or relationships.
        """
        cls_ = type(self)
        for k in kwargs:
            if not hasattr(cls_, k):
>               raise TypeError(
                    "%r is an invalid keyword argument for %s" % (k, cls_.__name__)
                )
E               TypeError: 'business_unit_mapping_version' is an invalid keyword argument for Client

api/.venv/lib/python3.14/site-packages/sqlalchemy/orm/decl_base.py:2287: TypeError
__________ test_source_mapping_revision_must_be_positive[Opportunity] __________

session = <sqlalchemy.ext.asyncio.session.AsyncSession object at 0x1125e3bd0>
model = <class 'app.models.opportunity.Opportunity'>

    @pytest.mark.asyncio
    @pytest.mark.parametrize("model", [Client, Opportunity])
    async def test_source_mapping_revision_must_be_positive(session, model):
        values = {"name": "Synthetic invalid mapping"} if model is Client else {"source": "manual", "governance_status": "Intake"}
>       session.add(model(**values, business_unit_mapping_version=0))
                    ^^^^^^^^^^^^^^^^^^^^^^^^^^^^^^^^^^^^^^^^^^^^^^^^

api/tests/test_s21_source_observations.py:68: 
_ _ _ _ _ _ _ _ _ _ _ _ _ _ _ _ _ _ _ _ _ _ _ _ _ _ _ _ _ _ _ _ _ _ _ _ _ _ _ _ 
<sqlalchemy generated __init__ for class app.models.opportunity.Opportunity>:4: in __init__
    return new_state._initialize_instance(self, **kwargs)
           ^^^^^^^^^^^^^^^^^^^^^^^^^^^^^^^^^^^^^^^^^^^^^^
api/.venv/lib/python3.14/site-packages/sqlalchemy/orm/state.py:597: in _initialize_instance
    with util.safe_reraise():
         ^^^^^^^^^^^^^^^^^^^
api/.venv/lib/python3.14/site-packages/sqlalchemy/util/langhelpers.py:166: in __exit__
    raise exc_value.with_traceback(exc_tb)
api/.venv/lib/python3.14/site-packages/sqlalchemy/orm/state.py:595: in _initialize_instance
    manager.original_init(*mixed[1:], **kwargs)
_ _ _ _ _ _ _ _ _ _ _ _ _ _ _ _ _ _ _ _ _ _ _ _ _ _ _ _ _ _ _ _ _ _ _ _ _ _ _ _ 

self = <app.models.opportunity.Opportunity object at 0x11287a350>
kwargs = {'source': 'manual', 'governance_status': 'Intake', 'business_unit_mapping_version': 0}

    def _declarative_constructor(self: Any, **kwargs: Any) -> None:
        """A simple constructor that allows initialization from kwargs.
    
        Sets attributes on the constructed instance using the names and
        values in ``kwargs``.
    
        Only keys that are present as
        attributes of the instance's class are allowed. These could be,
        for example, any mapped columns or relationships.
        """
        cls_ = type(self)
        for k in kwargs:
            if not hasattr(cls_, k):
>               raise TypeError(
                    "%r is an invalid keyword argument for %s" % (k, cls_.__name__)
                )
E               TypeError: 'business_unit_mapping_version' is an invalid keyword argument for Opportunity

api/.venv/lib/python3.14/site-packages/sqlalchemy/orm/decl_base.py:2287: TypeError
=========================== short test summary info ============================
FAILED api/tests/test_s21_source_observations.py::test_legacy_rows_keep_owner_and_bu_unobserved
FAILED api/tests/test_s21_source_observations.py::test_observed_empty_owner_is_distinct_from_unobserved
FAILED api/tests/test_s21_source_observations.py::test_mapping_can_record_unavailable_without_dummy_property_identity
FAILED api/tests/test_s21_source_observations.py::test_mapping_rejects_invalid_availability_or_revision[values0]
FAILED api/tests/test_s21_source_observations.py::test_mapping_rejects_invalid_availability_or_revision[values1]
FAILED api/tests/test_s21_source_observations.py::test_source_mapping_revision_must_be_positive[Client]
FAILED api/tests/test_s21_source_observations.py::test_source_mapping_revision_must_be_positive[Opportunity]
